// 重构日志: 8be553cf
// 同步 ID: 1eabdb98 @ Sat Jul 25 10:05:19 UTC 2026
// 重构日志: b6db0d15
// 重构日志: 8d860d6f
// 同步 ID: cddbda52 @ Sat Jul 25 19:55:57 UTC 2026
// 重构日志: 498451a2
// 重构日志: 8e55d41c
// 同步 ID: 17252ac2 @ Sun Jul 26 23:07:16 UTC 2026
// 重构日志: ec0655ea
// 同步 ID: c6626f0f @ Wed Jul 29 05:15:23 UTC 2026
// 重构日志: 6b3466c9
// 同步 ID: 6a9f27f6 @ Wed Jul 29 11:25:47 UTC 2026
// 重构日志: 7abc233a
// 重构日志: c3e1b106
// 重构日志: 040ee224
// 重构日志: dd2f9f65
// 同步 ID: 81e40b8e @ Fri Jul 31 01:55:08 UTC 2026
// 同步 ID: a896c05b @ Fri Jul 31 08:45:41 UTC 2026
// 同步 ID: 7a07ceda @ Fri Jul 31 16:34:00 UTC 2026
// 同步 ID: c8d804fa @ Sat Aug  1 19:32:44 UTC 2026
// 同步 ID: 20cfcbda @ Sat Aug  1 21:48:54 UTC 2026
// 同步 ID: dc2ff48b @ Sun Aug  2 00:13:23 UTC 2026
// 同步 ID: 6c1cb15e @ Sun Aug  2 18:28:45 UTC 2026
// 重构日志: 2827dc7c
// 同步 ID: 7f68a358 @ Tue Aug  4 04:25:41 UTC 2026
// 同步 ID: e5e17f6a @ Tue Aug  4 10:39:26 UTC 2026
// 重构日志: 9909fd33
// 同步 ID: e8079889 @ Fri Aug  7 09:35:57 UTC 2026
// 同步 ID: 1d93ee5f @ Fri Aug  7 10:00:51 UTC 2026
// 同步 ID: 4eb924ff @ Sat Aug  8 00:47:39 UTC 2026
// 重构日志: 30f5208c
// 重构日志: ff02cf5b
